[toolchain]
package_manager = "yarn"

[features]
resolution = true
skip-lint = false

[programs.localnet]
another-program = "bbHgTM8c4goW91FVeYMUUE8bQgGaqNZLNRLaoK4HqnJ"
test_program = "aaLWzFHRPNhQwft1971qmPg2Q5eHwsHEWivqSkCDo9x"

[registry]
url = "https://api.apr.dev"

[provider]
cluster = "localnet"
wallet = "~/.config/solana/id.json"

[scripts]
test = "yarn run ts-mocha -p ./tsconfig.json -t 1000000 tests/**/*.ts"
