Build artifacts generated successfully
Program binary generated successfully
